AS8 assembler for intel 8008, t.e.jones Version 1.0
Options: listfile=1 debug=0 binaryout=1 singlelist=0
octalnums=0 markascii=0
Infile=8008-input-output.asm
Assembly Performed: Mon Feb 22 23:30:38 2021


Line Addr.  CodeBytes   Source Line
---- ------ ----------- ----------------------------------
   1                    ; Send data to I/O
   2                    
   3                    START:
   4                        ORG 0x0000
   5 00-000 300             LAA ; Starts with a NOP
   6 00-001 016 000         LBI 0x00
   7                    WAIT:
   8                        ; Waits for a a signal on the input #5 (sending it 0x80)
   9 00-003 006 200         LAI 0x80
  10 00-005 113             INP 0x5
  11 00-006 260             ORA
  12 00-007 150 003 000     JTZ WAIT
  13                    
  14                        ; Outputs the value of B on output #1/5
  15 00-012 301             LAB
  16 00-013 157             OUT 015
  17 00-014 010             INB
  18 00-015 104 003 000     JMP WAIT
  19                    
  20                    
Symbol Count: 2
    Symbol  Oct Val  DecVal
    ------  -------  ------
     START      000      0
      WAIT      003      3
