AS8 assembler for intel 8008, t.e.jones Version 1.0
Options: listfile=1 debug=0 binaryout=1 singlelist=0
octalnums=0 markascii=0
Infile=8008-loop-loads.asm
Assembly Performed: Sun Feb 28 22:04:01 2021


Line Addr.  CodeBytes   Source Line
---- ------ ----------- ----------------------------------
   1                        ORG 0x000
   2                    
   3 00-000 300             LAA
   4                    LOOP:
   5 00-001 006 001         LAI 1
   6 00-003 016 002         LBI 2
   7 00-005 026 004         LCI 4
   8 00-007 036 010         LDI 8
   9 00-011 046 020         LEI 16
  10 00-013 056 040         LHI 32
  11 00-015 066 100         LLI 64
  12 00-017 006 200         LAI 128
  13 00-021 066 100         LLI 64
  14 00-023 056 040         LHI 32
  15 00-025 046 020         LEI 16
  16 00-027 036 010         LDI 8
  17 00-031 026 004         LCI 4
  18 00-033 016 002         LBI 2
  19 00-035 104 001 000     JMP LOOP
  20                    
  21                    
Symbol Count: 1
    Symbol  Oct Val  DecVal
    ------  -------  ------
      LOOP      001      1
